src/modules/calendar/calendar.service.ts(107,19): error TS2339: Property 'therapistId' does not exist on type 'AppointmentWhereInput'.
src/modules/calendar/calendar.service.ts(119,13): error TS2322: Type 'string' is not assignable to type 'SessionType | EnumSessionTypeFilter<"Appointment"> | undefined'.
src/modules/calendar/calendar.service.ts(132,17): error TS2353: Object literal may only specify known properties, and 'therapist' does not exist in type 'AppointmentInclude<DefaultArgs>'.
src/modules/calendar/calendar.service.ts(166,17): error TS2353: Object literal may only specify known properties, and 'therapistId' does not exist in type 'AppointmentWhereInput'.
src/modules/calendar/calendar.service.ts(192,37): error TS2551: Property 'patient' does not exist on type '{ id: string; createdAt: Date; patientId: string; scheduledStart: Date; scheduledEnd: Date; status: AppointmentStatus; sessionType: SessionType; ... 6 more ...; updatedAt: Date; }'. Did you mean 'patientId'?
src/modules/calendar/calendar.service.ts(192,62): error TS2551: Property 'patient' does not exist on type '{ id: string; createdAt: Date; patientId: string; scheduledStart: Date; scheduledEnd: Date; status: AppointmentStatus; sessionType: SessionType; ... 6 more ...; updatedAt: Date; }'. Did you mean 'patientId'?
src/modules/calendar/calendar.service.ts(246,17): error TS2353: Object literal may only specify known properties, and 'therapistId' does not exist in type 'AppointmentWhereInput'.
src/modules/calendar/calendar.service.ts(316,30): error TS2339: Property 'therapistId' does not exist on type '{ id: string; createdAt: Date; patientId: string; scheduledStart: Date; scheduledEnd: Date; status: AppointmentStatus; sessionType: SessionType; ... 6 more ...; updatedAt: Date; }'.
src/modules/export/export.service.ts(243,27): error TS2339: Property 'gender' does not exist on type '{ id: string; deletedAt: Date | null; createdAt: Date; updatedAt: Date; isActive: boolean; externalId: string; firstName: string; lastName: string; dateOfBirth: Date; ... 9 more ...; emergencyRelation: string | null; }'.
src/modules/export/export.service.ts(246,27): error TS2339: Property 'contactPhone' does not exist on type '{ id: string; deletedAt: Date | null; createdAt: Date; updatedAt: Date; isActive: boolean; externalId: string; firstName: string; lastName: string; dateOfBirth: Date; ... 9 more ...; emergencyRelation: string | null; }'.
src/modules/export/export.service.ts(249,27): error TS2339: Property 'contactEmail' does not exist on type '{ id: string; deletedAt: Date | null; createdAt: Date; updatedAt: Date; isActive: boolean; externalId: string; firstName: string; lastName: string; dateOfBirth: Date; ... 9 more ...; emergencyRelation: string | null; }'.
src/modules/export/export.service.ts(252,27): error TS2339: Property 'emergencyContactName' does not exist on type '{ id: string; deletedAt: Date | null; createdAt: Date; updatedAt: Date; isActive: boolean; externalId: string; firstName: string; lastName: string; dateOfBirth: Date; ... 9 more ...; emergencyRelation: string | null; }'.
src/modules/workflow/clinical-workflow.service.ts(223,13): error TS2322: Type 'EncryptedPayload' is not assignable to type 'null'.
src/modules/workflow/clinical-workflow.service.ts(232,59): error TS2339: Property 'encrypted' does not exist on type 'never'.
src/modules/workflow/clinical-workflow.service.ts(233,44): error TS2339: Property 'iv' does not exist on type 'never'.
src/modules/workflow/clinical-workflow.service.ts(234,47): error TS2339: Property 'keyId' does not exist on type 'never'.
